// Jest Snapshot v1, https://goo.gl/fbAQLP

exports[`Testing <HookApp /> should show HookApp 1`] = `
<div>
  <h1>
    Hola Mundo
  </h1>
</div>
`;
