// Jest Snapshot v1, https://goo.gl/fbAQLP

exports[`Tests in <HomeScreen /> should render component 1`] = `
<div>
  <h1>
    HomeScreen
  </h1>
  <hr />
  <pre>
    {
   "name": "Victor",
   "email": "victor@gmail.com"
}
  </pre>
</div>
`;
