// Jest Snapshot v1, https://goo.gl/fbAQLP

exports[`PrimeraApp should show PrimeraApp component correctly 1`] = `
<Fragment>
  <h1>
     
    Hola, soy Goku
     
  </h1>
  <p>
    Soy un subtitulo
  </p>
</Fragment>
`;
